
2026-04-14 14:54:46,649 [MainThread] INFO Démarrage des workers...
2026-04-14 14:54:46,675 [MainThread] INFO ✅ Worker-1 démarré
2026-04-14 14:54:46,682 [MainThread] INFO ✅ Worker-2 démarré
2026-04-14 14:54:46,685 [MainThread] INFO ✅ Moniteur démarré
2026-04-14 14:54:46,685 [MainThread] INFO Démarrage des producteurs...
2026-04-14 14:54:46,688 [Prod-1] INFO [Prod-1] Démarrage - 5 rafales de 30 messages
2026-04-14 14:54:46,688 [MainThread] INFO ✅ Producteur-1 démarré
2026-04-14 14:54:46,689 [Prod-2] INFO [Prod-2] Démarrage - 5 rafales de 30 messages
2026-04-14 14:54:46,690 [MainThread] INFO ✅ Producteur-2 démarré
2026-04-14 14:54:46,699 [Worker-1] INFO [Worker-1] RETRY 4f7771fa (tentative #1)
2026-04-14 14:54:46,699 [Worker-2] INFO [Worker-2] RETRY 4f7771fa (tentative #2)
2026-04-14 14:54:46,700 [Prod-3] INFO [Prod-3] Démarrage - 5 rafales de 30 messages
2026-04-14 14:54:46,700 [MainThread] INFO ✅ Producteur-3 démarré
2026-04-14 14:54:46,701 [Worker-1] WARNING [Worker-1] DLQ definitive 4f7771fa (apres 3 tentatives)
2026-04-14 14:54:46,734 [Worker-2] INFO [Worker-2] RETRY 44f0ddaa (tentative #1)
2026-04-14 14:54:46,736 [Worker-1] INFO [Worker-1] RETRY 44f0ddaa (tentative #2)
2026-04-14 14:54:46,739 [Worker-2] WARNING [Worker-2] DLQ definitive 44f0ddaa (apres 3 tentatives)
2026-04-14 14:54:46,750 [Worker-1] INFO [Worker-1] RETRY 7965eb7b (tentative #1)
2026-04-14 14:54:46,752 [Worker-2] INFO [Worker-2] RETRY 7965eb7b (tentative #2)
2026-04-14 14:54:46,754 [Worker-1] WARNING [Worker-1] DLQ definitive 7965eb7b (apres 3 tentatives)
2026-04-14 14:54:46,785 [Worker-1] INFO [Worker-1] RETRY d0d7c3e6 (tentative #1)
2026-04-14 14:54:46,788 [Worker-2] INFO [Worker-2] RETRY d0d7c3e6 (tentative #2)
2026-04-14 14:54:46,789 [Worker-1] WARNING [Worker-1] DLQ definitive d0d7c3e6 (apres 3 tentatives)
2026-04-14 14:54:46,915 [Worker-1] INFO [Worker-1] RETRY 55238fd2 (tentative #1)
2026-04-14 14:54:46,915 [Worker-2] INFO [Worker-2] RETRY 55238fd2 (tentative #2)
2026-04-14 14:54:46,916 [Worker-1] WARNING [Worker-1] DLQ definitive 55238fd2 (apres 3 tentatives)
2026-04-14 14:54:47,115 [Worker-1] INFO [Worker-1] RETRY 0deaaffa (tentative #1)
2026-04-14 14:54:47,115 [Worker-2] INFO [Worker-2] RETRY 0deaaffa (tentative #2)
2026-04-14 14:54:47,116 [Worker-1] WARNING [Worker-1] DLQ definitive 0deaaffa (apres 3 tentatives)
2026-04-14 14:54:47,153 [Prod-3] INFO [Prod-3] Rafale 1/5 terminée (produits=30, perdus=0)
2026-04-14 14:54:47,154 [Prod-2] INFO [Prod-2] Rafale 1/5 terminée (produits=30, perdus=0)
2026-04-14 14:54:47,164 [Prod-1] INFO [Prod-1] Rafale 1/5 terminée (produits=30, perdus=0)
2026-04-14 14:54:47,794 [Worker-2] INFO [Worker-2] RETRY 4d49880c (tentative #1)
2026-04-14 14:54:47,794 [Worker-1] INFO [Worker-1] RETRY 4d49880c (tentative #2)
2026-04-14 14:54:47,804 [Worker-2] WARNING [Worker-2] DLQ definitive 4d49880c (apres 3 tentatives)
2026-04-14 14:54:47,826 [Worker-1] INFO [Worker-1] RETRY 363d815c (tentative #1)
2026-04-14 14:54:47,828 [Worker-2] INFO [Worker-2] RETRY 363d815c (tentative #2)
2026-04-14 14:54:47,837 [Worker-1] WARNING [Worker-1] DLQ definitive 363d815c (apres 3 tentatives)
2026-04-14 14:54:47,905 [Worker-1] INFO [Worker-1] RETRY 5d4fbe0f (tentative #1)
2026-04-14 14:54:47,905 [Worker-2] INFO [Worker-2] RETRY 5d4fbe0f (tentative #2)
2026-04-14 14:54:47,908 [Worker-1] WARNING [Worker-1] DLQ definitive 5d4fbe0f (apres 3 tentatives)
2026-04-14 14:54:47,908 [Worker-2] INFO [Worker-2] RETRY 832ddf0e (tentative #1)
2026-04-14 14:54:47,909 [Worker-1] INFO [Worker-1] RETRY 832ddf0e (tentative #2)
2026-04-14 14:54:47,910 [Worker-2] WARNING [Worker-2] DLQ definitive 832ddf0e (apres 3 tentatives)
2026-04-14 14:54:47,930 [Worker-2] INFO [Worker-2] RETRY 43a062c7 (tentative #1)
2026-04-14 14:54:47,932 [Worker-1] INFO [Worker-1] RETRY 43a062c7 (tentative #2)
2026-04-14 14:54:47,936 [Worker-2] WARNING [Worker-2] DLQ definitive 43a062c7 (apres 3 tentatives)
2026-04-14 14:54:47,941 [Worker-1] INFO [Worker-1] RETRY 9b7ab865 (tentative #1)
2026-04-14 14:54:47,942 [Worker-2] INFO [Worker-2] RETRY 9b7ab865 (tentative #2)
2026-04-14 14:54:47,944 [Worker-2] WARNING [Worker-2] DLQ definitive 9b7ab865 (apres 3 tentatives)
2026-04-14 14:54:47,972 [Worker-2] INFO [Worker-2] RETRY fa9e424e (tentative #1)
2026-04-14 14:54:47,975 [Worker-1] INFO [Worker-1] RETRY fa9e424e (tentative #2)
2026-04-14 14:54:47,977 [Worker-2] WARNING [Worker-2] DLQ definitive fa9e424e (apres 3 tentatives)
2026-04-14 14:54:48,009 [Worker-1] INFO [Worker-1] RETRY df47abf6 (tentative #1)
2026-04-14 14:54:48,012 [Worker-2] INFO [Worker-2] RETRY df47abf6 (tentative #2)
2026-04-14 14:54:48,014 [Worker-2] WARNING [Worker-2] DLQ definitive df47abf6 (apres 3 tentatives)
2026-04-14 14:54:48,101 [Prod-1] INFO [Prod-1] Rafale 2/5 terminée (produits=60, perdus=0)
2026-04-14 14:54:48,143 [Worker-2] INFO [Worker-2] RETRY 0e996ef9 (tentative #1)
2026-04-14 14:54:48,143 [Worker-1] INFO [Worker-1] RETRY 0e996ef9 (tentative #2)
2026-04-14 14:54:48,185 [Worker-2] WARNING [Worker-2] DLQ definitive 0e996ef9 (apres 3 tentatives)
2026-04-14 14:54:48,244 [Prod-2] INFO [Prod-2] Rafale 2/5 terminée (produits=60, perdus=0)
2026-04-14 14:54:48,399 [Prod-3] INFO [Prod-3] Rafale 2/5 terminée (produits=60, perdus=0)
2026-04-14 14:54:48,679 [Worker-1] INFO [Worker-1] RETRY f54990c1 (tentative #1)
2026-04-14 14:54:48,679 [Worker-2] INFO [Worker-2] RETRY f54990c1 (tentative #2)
2026-04-14 14:54:48,694 [Worker-1] WARNING [Worker-1] DLQ definitive f54990c1 (apres 3 tentatives)
2026-04-14 14:54:48,756 [Worker-1] INFO [Worker-1] RETRY 1cf59edb (tentative #1)
2026-04-14 14:54:48,756 [Worker-2] INFO [Worker-2] RETRY 1cf59edb (tentative #2)
2026-04-14 14:54:48,760 [Worker-1] WARNING [Worker-1] DLQ definitive 1cf59edb (apres 3 tentatives)
2026-04-14 14:54:48,815 [Worker-1] INFO [Worker-1] RETRY f736502b (tentative #1)
2026-04-14 14:54:48,815 [Worker-2] INFO [Worker-2] RETRY f736502b (tentative #2)
2026-04-14 14:54:48,818 [Worker-1] WARNING [Worker-1] DLQ definitive f736502b (apres 3 tentatives)
2026-04-14 14:54:48,872 [Worker-1] INFO [Worker-1] RETRY 403f5e14 (tentative #1)
2026-04-14 14:54:48,872 [Worker-2] INFO [Worker-2] RETRY 403f5e14 (tentative #2)
2026-04-14 14:54:48,875 [Worker-1] WARNING [Worker-1] DLQ definitive 403f5e14 (apres 3 tentatives)
2026-04-14 14:54:48,875 [Worker-2] INFO [Worker-2] RETRY 8e6a095d (tentative #1)
2026-04-14 14:54:48,876 [Worker-1] INFO [Worker-1] RETRY 8e6a095d (tentative #2)
2026-04-14 14:54:48,876 [Worker-2] WARNING [Worker-2] DLQ definitive 8e6a095d (apres 3 tentatives)
2026-04-14 14:54:48,886 [Worker-1] INFO [Worker-1] RETRY 2047a607 (tentative #1)
2026-04-14 14:54:48,886 [Worker-2] INFO [Worker-2] RETRY 2047a607 (tentative #2)
2026-04-14 14:54:48,889 [Worker-1] WARNING [Worker-1] DLQ definitive 2047a607 (apres 3 tentatives)
2026-04-14 14:54:48,909 [Worker-2] INFO [Worker-2] RETRY fccc0389 (tentative #1)
2026-04-14 14:54:48,909 [Worker-1] INFO [Worker-1] RETRY fccc0389 (tentative #2)
2026-04-14 14:54:48,910 [Worker-2] WARNING [Worker-2] DLQ definitive fccc0389 (apres 3 tentatives)
2026-04-14 14:54:49,061 [Worker-1] INFO [Worker-1] RETRY a76cef8f (tentative #1)
2026-04-14 14:54:49,061 [Worker-2] INFO [Worker-2] RETRY a76cef8f (tentative #2)
2026-04-14 14:54:49,068 [Worker-1] WARNING [Worker-1] DLQ definitive a76cef8f (apres 3 tentatives)
2026-04-14 14:54:49,125 [Worker-1] INFO [Worker-1] RETRY 2fc6a8f2 (tentative #1)
2026-04-14 14:54:49,125 [Worker-2] INFO [Worker-2] RETRY 2fc6a8f2 (tentative #2)
2026-04-14 14:54:49,127 [Worker-1] WARNING [Worker-1] DLQ definitive 2fc6a8f2 (apres 3 tentatives)
2026-04-14 14:54:49,141 [Worker-2] INFO [Worker-2] RETRY 1583b1a4 (tentative #1)
2026-04-14 14:54:49,142 [Worker-1] INFO [Worker-1] RETRY 1583b1a4 (tentative #2)
2026-04-14 14:54:49,152 [Worker-2] WARNING [Worker-2] DLQ definitive 1583b1a4 (apres 3 tentatives)
2026-04-14 14:54:49,239 [Prod-1] INFO [Prod-1] Rafale 3/5 terminée (produits=90, perdus=0)
2026-04-14 14:54:49,294 [Worker-2] INFO [Worker-2] RETRY 917d9416 (tentative #1)
2026-04-14 14:54:49,294 [Worker-1] INFO [Worker-1] RETRY 917d9416 (tentative #2)
2026-04-14 14:54:49,295 [Worker-2] WARNING [Worker-2] DLQ definitive 917d9416 (apres 3 tentatives)
2026-04-14 14:54:49,298 [Prod-2] INFO [Prod-2] Rafale 3/5 terminée (produits=90, perdus=0)
2026-04-14 14:54:49,405 [Prod-3] INFO [Prod-3] Rafale 3/5 terminée (produits=90, perdus=0)
2026-04-14 14:54:49,794 [Worker-1] INFO [Worker-1] RETRY 1ce4f8fb (tentative #1)
2026-04-14 14:54:49,795 [Worker-2] INFO [Worker-2] RETRY 1ce4f8fb (tentative #2)
2026-04-14 14:54:49,796 [Worker-1] WARNING [Worker-1] DLQ definitive 1ce4f8fb (apres 3 tentatives)
2026-04-14 14:54:49,916 [Worker-1] INFO [Worker-1] RETRY 0c0c495a (tentative #1)
2026-04-14 14:54:49,916 [Worker-2] INFO [Worker-2] RETRY 0c0c495a (tentative #2)
2026-04-14 14:54:49,917 [Worker-1] WARNING [Worker-1] DLQ definitive 0c0c495a (apres 3 tentatives)
2026-04-14 14:54:49,952 [Worker-2] INFO [Worker-2] RETRY 7dfb9bdd (tentative #1)
2026-04-14 14:54:49,953 [Worker-1] INFO [Worker-1] RETRY 7dfb9bdd (tentative #2)
2026-04-14 14:54:49,953 [Worker-2] WARNING [Worker-2] DLQ definitive 7dfb9bdd (apres 3 tentatives)
2026-04-14 14:54:50,000 [Worker-2] INFO [Worker-2] RETRY 1e57791b (tentative #1)
2026-04-14 14:54:50,000 [Worker-1] INFO [Worker-1] RETRY 1e57791b (tentative #2)
2026-04-14 14:54:50,000 [Worker-2] WARNING [Worker-2] DLQ definitive 1e57791b (apres 3 tentatives)
2026-04-14 14:54:50,004 [Worker-2] INFO [Worker-2] RETRY c41188c3 (tentative #1)
2026-04-14 14:54:50,005 [Worker-1] INFO [Worker-1] RETRY c41188c3 (tentative #2)
2026-04-14 14:54:50,005 [Worker-2] WARNING [Worker-2] DLQ definitive c41188c3 (apres 3 tentatives)
2026-04-14 14:54:50,066 [Worker-2] INFO [Worker-2] RETRY a38a7383 (tentative #1)
2026-04-14 14:54:50,067 [Worker-1] INFO [Worker-1] RETRY a38a7383 (tentative #2)
2026-04-14 14:54:50,067 [Worker-2] WARNING [Worker-2] DLQ definitive a38a7383 (apres 3 tentatives)
2026-04-14 14:54:50,086 [Worker-1] INFO [Worker-1] RETRY eb44eda9 (tentative #1)
2026-04-14 14:54:50,086 [Worker-2] INFO [Worker-2] RETRY eb44eda9 (tentative #2)
2026-04-14 14:54:50,087 [Worker-1] WARNING [Worker-1] DLQ definitive eb44eda9 (apres 3 tentatives)
2026-04-14 14:54:50,116 [Worker-2] INFO [Worker-2] RETRY 1c9a0b9c (tentative #1)
2026-04-14 14:54:50,118 [Worker-1] INFO [Worker-1] RETRY 1c9a0b9c (tentative #2)
2026-04-14 14:54:50,118 [Worker-2] WARNING [Worker-2] DLQ definitive 1c9a0b9c (apres 3 tentatives)
2026-04-14 14:54:50,182 [Worker-2] INFO [Worker-2] RETRY 674a6413 (tentative #1)
2026-04-14 14:54:50,183 [Worker-1] INFO [Worker-1] RETRY 674a6413 (tentative #2)
2026-04-14 14:54:50,183 [Worker-2] WARNING [Worker-2] DLQ definitive 674a6413 (apres 3 tentatives)
2026-04-14 14:54:50,193 [Worker-1] INFO [Worker-1] RETRY c1b91ac3 (tentative #1)
2026-04-14 14:54:50,194 [Worker-1] INFO [Worker-1] RETRY c1b91ac3 (tentative #2)
2026-04-14 14:54:50,194 [Worker-2] WARNING [Worker-2] DLQ definitive c1b91ac3 (apres 3 tentatives)
2026-04-14 14:54:50,200 [Worker-1] INFO [Worker-1] RETRY 7c019f2a (tentative #1)
2026-04-14 14:54:50,200 [Worker-2] INFO [Worker-2] RETRY 7c019f2a (tentative #2)
2026-04-14 14:54:50,201 [Worker-1] WARNING [Worker-1] DLQ definitive 7c019f2a (apres 3 tentatives)
2026-04-14 14:54:50,234 [Prod-1] INFO [Prod-1] Rafale 4/5 terminée (produits=120, perdus=0)
2026-04-14 14:54:50,238 [Worker-2] INFO [Worker-2] RETRY d0b6d29a (tentative #1)
2026-04-14 14:54:50,238 [Worker-1] INFO [Worker-1] RETRY d0b6d29a (tentative #2)
2026-04-14 14:54:50,240 [Worker-2] WARNING [Worker-2] DLQ definitive d0b6d29a (apres 3 tentatives)
2026-04-14 14:54:50,265 [Prod-2] INFO [Prod-2] Rafale 4/5 terminée (produits=120, perdus=0)
2026-04-14 14:54:50,327 [Prod-3] INFO [Prod-3] Rafale 4/5 terminée (produits=120, perdus=0)
2026-04-14 14:54:50,754 [Worker-1] INFO [Worker-1] RETRY dce9009e (tentative #1)
2026-04-14 14:54:50,754 [Worker-2] INFO [Worker-2] RETRY dce9009e (tentative #2)
2026-04-14 14:54:50,757 [Worker-1] WARNING [Worker-1] DLQ definitive dce9009e (apres 3 tentatives)
2026-04-14 14:54:50,816 [Worker-1] INFO [Worker-1] RETRY 0d3883a6 (tentative #1)
2026-04-14 14:54:50,816 [Worker-2] INFO [Worker-2] RETRY 0d3883a6 (tentative #2)
2026-04-14 14:54:50,817 [Worker-1] WARNING [Worker-1] DLQ definitive 0d3883a6 (apres 3 tentatives)
2026-04-14 14:54:50,887 [Worker-1] INFO [Worker-1] RETRY 43b575dc (tentative #1)
2026-04-14 14:54:50,887 [Worker-2] INFO [Worker-2] RETRY 43b575dc (tentative #2)
2026-04-14 14:54:50,887 [Worker-1] WARNING [Worker-1] DLQ definitive 43b575dc (apres 3 tentatives)
2026-04-14 14:54:51,006 [Worker-2] INFO [Worker-2] RETRY 9ceb5053 (tentative #1)
2026-04-14 14:54:51,006 [Worker-1] INFO [Worker-1] RETRY 9ceb5053 (tentative #2)
2026-04-14 14:54:51,007 [Worker-2] WARNING [Worker-2] DLQ definitive 9ceb5053 (apres 3 tentatives)
2026-04-14 14:54:51,116 [Worker-2] INFO [Worker-2] RETRY e1672dce (tentative #1)
2026-04-14 14:54:51,116 [Worker-1] INFO [Worker-1] RETRY e1672dce (tentative #2)
2026-04-14 14:54:51,119 [Worker-2] WARNING [Worker-2] DLQ definitive e1672dce (apres 3 tentatives)
2026-04-14 14:54:51,161 [Prod-1] INFO [Prod-1] Rafale 5/5 terminée (produits=150, perdus=0)
2026-04-14 14:54:51,163 [Worker-1] INFO [Worker-1] RETRY c8d8755c (tentative #1)
2026-04-14 14:54:51,163 [Worker-2] INFO [Worker-2] RETRY c8d8755c (tentative #2)
2026-04-14 14:54:51,164 [Worker-1] WARNING [Worker-1] DLQ definitive c8d8755c (apres 3 tentatives)
2026-04-14 14:54:51,172 [Worker-2] INFO [Worker-2] RETRY 577d5470 (tentative #1)
2026-04-14 14:54:51,172 [Worker-1] INFO [Worker-1] RETRY 577d5470 (tentative #2)
2026-04-14 14:54:51,172 [Worker-2] WARNING [Worker-2] DLQ definitive 577d5470 (apres 3 tentatives)
2026-04-14 14:54:51,235 [Prod-2] INFO [Prod-2] Rafale 5/5 terminée (produits=150, perdus=0)
2026-04-14 14:54:51,248 [Worker-1] INFO [Worker-1] RETRY a6d621c5 (tentative #1)
2026-04-14 14:54:51,249 [Worker-2] INFO [Worker-2] RETRY a6d621c5 (tentative #2)
2026-04-14 14:54:51,252 [Worker-1] WARNING [Worker-1] DLQ definitive a6d621c5 (apres 3 tentatives)
2026-04-14 14:54:51,301 [Prod-3] INFO [Prod-3] Rafale 5/5 terminée (produits=150, perdus=0)
2026-04-14 14:54:51,664 [Prod-1] INFO [Prod-1] Terminé - Total: 150 produits, 0 perdus
2026-04-14 14:54:51,742 [Prod-2] INFO [Prod-2] Terminé - Total: 150 produits, 0 perdus
2026-04-14 14:54:51,804 [Prod-3] INFO [Prod-3] Terminé - Total: 150 produits, 0 perdus
2026-04-14 14:54:51,809 [MainThread] INFO 🏁 Tous les producteurs ont terminé
2026-04-14 14:54:51,810 [MainThread] INFO ⏳ Attente du vidage de la queue...
2026-04-14 14:54:51,811 [MainThread] INFO ✅ Queue vidée
2026-04-14 14:54:51,815 [MainThread] INFO Arrêt du pipeline en cours...
2026-04-14 14:54:52,281 [Worker-1] INFO [Worker-1] Terminé - 274 messages traités
2026-04-14 14:54:52,299 [Worker-2] INFO [Worker-2] Terminé - 268 messages traités
2026-04-14 14:54:52,761 [MainThread] INFO Pipeline arrêté
2026-04-14 14:54:52,826 [MainThread] INFO Toutes les assertions sont valides
